2026-10-01 22:37:51  el PC quedó libre; empiezan los complementos
2026-10-01 22:37:51  ==============================================================================
2026-10-01 22:37:51  inicio · código congelado en _codigo_complementos (huella ca8dd8cb1c2c) · ['fuera_de_pliegue', 'calibracion', 'semillas', 'semillas_optimizadores']
2026-10-01 22:38:14    fuera de pliegue clasificacion__xgboost__class_weight__genetica: 9 s
2026-10-01 22:38:17    fuera de pliegue clasificacion__arbol__class_weight__random: 4 s
2026-10-01 22:39:34    fuera de pliegue clasificacion__random_forest__ninguno__genetica: 77 s
2026-10-01 22:40:13    fuera de pliegue clasificacion__ebm__class_weight__grid: 38 s
2026-10-01 22:40:53    fuera de pliegue clasificacion__knn__ninguno__genetica: 40 s
2026-10-01 22:40:55    fuera de pliegue clasificacion__logistica__class_weight__genetica: 2 s
2026-10-01 22:40:57    fuera de pliegue clasificacion__svm__class_weight__grid: 2 s
2026-10-01 22:40:59    fuera de pliegue clasificacion__naive_bayes__ninguno__grid: 1 s
2026-10-01 22:41:03    fuera de pliegue regresion__xgboost__ninguno__bayesiana: 4 s
2026-10-01 22:42:00    fuera de pliegue regresion__ebm__ninguno__grid: 57 s
2026-10-01 22:42:53    fuera de pliegue regresion__random_forest__ninguno__grid: 53 s
2026-10-01 22:42:55    fuera de pliegue regresion__arbol__ninguno__genetica: 2 s
2026-10-01 22:42:56    fuera de pliegue regresion__lasso__ninguno__genetica: 1 s
2026-10-01 22:42:57    fuera de pliegue regresion__ridge__ninguno__genetica: 1 s
2026-10-01 22:43:00    fuera de pliegue regresion__svr__ninguno__bayesiana: 2 s
2026-10-01 22:43:37    fuera de pliegue regresion__knn__ninguno__grid: 37 s
2026-10-01 22:43:37  fuera_de_pliegue: hecho en 5.5 min
2026-10-01 22:43:37    calibración clasificacion__xgboost__class_weight__genetica
2026-10-01 22:43:37    calibración clasificacion__arbol__class_weight__random
2026-10-01 22:43:37    calibración clasificacion__random_forest__ninguno__genetica
2026-10-01 22:43:38    calibración clasificacion__ebm__class_weight__grid
2026-10-01 22:43:46    calibración clasificacion__knn__ninguno__genetica
2026-10-01 22:43:46    calibración clasificacion__logistica__class_weight__genetica
2026-10-01 22:43:46    calibración clasificacion__svm__class_weight__grid
2026-10-01 22:43:47    calibración clasificacion__naive_bayes__ninguno__grid
2026-10-01 22:43:47  calibracion: hecho en 0.2 min
2026-10-01 22:46:13    semillas clasificacion random_forest: 5 ajustes
2026-10-01 22:46:35    semillas clasificacion xgboost: 10 ajustes
2026-10-01 22:46:46    semillas clasificacion svm: 10 ajustes
2026-10-01 22:48:55    semillas clasificacion ebm: 5 ajustes
2026-10-01 22:50:15    semillas regresion random_forest: 5 ajustes
2026-10-01 22:50:41    semillas regresion xgboost: 10 ajustes
2026-10-01 22:53:15    semillas regresion ebm: 5 ajustes
2026-10-01 22:53:15  semillas: hecho en 9.5 min
2026-10-01 22:53:53    semillas del optimizador random 0: interno 0.8329 · prueba 0.8236
2026-10-01 22:54:29    semillas del optimizador random 1: interno 0.8333 · prueba 0.8296
2026-10-01 22:54:57    semillas del optimizador random 2: interno 0.8328 · prueba 0.8236
2026-10-01 22:55:25    semillas del optimizador random 3: interno 0.8319 · prueba 0.8251
2026-10-01 22:55:52    semillas del optimizador random 4: interno 0.8329 · prueba 0.8242
2026-10-01 22:56:43    semillas del optimizador bayesiana 0: interno 0.8331 · prueba 0.8239
2026-10-01 22:57:32    semillas del optimizador bayesiana 1: interno 0.8327 · prueba 0.8286
2026-10-01 22:58:18    semillas del optimizador bayesiana 2: interno 0.8329 · prueba 0.8236
2026-10-01 22:59:03    semillas del optimizador bayesiana 3: interno 0.8329 · prueba 0.8235
2026-10-01 22:59:50    semillas del optimizador bayesiana 4: interno 0.8329 · prueba 0.8236
2026-10-01 23:00:35    semillas del optimizador genetica 0: interno 0.8328 · prueba 0.8243
2026-10-01 23:01:22    semillas del optimizador genetica 1: interno 0.8328 · prueba 0.8251
2026-10-01 23:02:14    semillas del optimizador genetica 2: interno 0.8331 · prueba 0.8252
2026-10-01 23:03:12    semillas del optimizador genetica 3: interno 0.8327 · prueba 0.8236
2026-10-01 23:03:58    semillas del optimizador genetica 4: interno 0.8330 · prueba 0.8232
2026-10-01 23:03:58  semillas_optimizadores: hecho en 10.7 min
2026-10-01 23:03:58  fin en 26.1 min
