2026-10-01 02:08:16  en espera: siguen en marcha la comparación o las corridas del modelo nuevo
2026-10-01 02:27:56  en espera: siguen en marcha la comparación o las corridas del modelo nuevo
2026-10-01 02:46:56  en espera: siguen en marcha la comparación o las corridas del modelo nuevo
2026-10-01 21:50:08  el PC quedó libre; empiezan los experimentos
2026-10-01 21:50:08  ==============================================================================
2026-10-01 21:50:08  inicio · código congelado en _codigo_computo (huella ca8dd8cb1c2c) · experimentos: ['escalamiento', 'knn', 'lineales', 'naive_bayes', 'xgboost', 'svm', 'paralelismo', 'entre_modelos', 'perfil', 'fidelidad']
2026-10-01 21:50:26  datos listos: (38978, 78) entrenamiento, (9745, 78) prueba
2026-10-01 21:50:26    escalamiento naive_bayes n=2500: 0.004 s + 0.012 s
2026-10-01 21:50:26    escalamiento naive_bayes n=5000: 0.006 s + 0.011 s
2026-10-01 21:50:27    escalamiento naive_bayes n=10000: 0.012 s + 0.015 s
2026-10-01 21:50:27    escalamiento naive_bayes n=20000: 0.023 s + 0.011 s
2026-10-01 21:50:32    escalamiento naive_bayes n=38978: 0.050 s + 0.010 s
2026-10-01 21:50:32    escalamiento logistica n=2500: 0.011 s + 0.001 s
2026-10-01 21:50:32    escalamiento logistica n=5000: 0.037 s + 0.001 s
2026-10-01 21:50:33    escalamiento logistica n=10000: 0.085 s + 0.001 s
2026-10-01 21:50:34    escalamiento logistica n=20000: 0.300 s + 0.001 s
2026-10-01 21:50:40    escalamiento logistica n=38978: 1.199 s + 0.002 s
2026-10-01 21:50:40    escalamiento svm n=2500: 0.010 s + 0.001 s
2026-10-01 21:50:40    escalamiento svm n=5000: 0.022 s + 0.001 s
2026-10-01 21:50:40    escalamiento svm n=10000: 0.056 s + 0.001 s
2026-10-01 21:50:40    escalamiento svm n=20000: 0.173 s + 0.001 s
2026-10-01 21:50:44    escalamiento svm n=38978: 0.481 s + 0.001 s
2026-10-01 21:50:44    escalamiento arbol n=2500: 0.032 s + 0.002 s
2026-10-01 21:50:44    escalamiento arbol n=5000: 0.069 s + 0.003 s
2026-10-01 21:50:44    escalamiento arbol n=10000: 0.155 s + 0.002 s
2026-10-01 21:50:45    escalamiento arbol n=20000: 0.367 s + 0.002 s
2026-10-01 21:50:50    escalamiento arbol n=38978: 0.843 s + 0.002 s
2026-10-01 21:50:52    escalamiento knn n=2500: 0.001 s + 0.645 s
2026-10-01 21:50:55    escalamiento knn n=5000: 0.002 s + 0.961 s
2026-10-01 21:51:03    escalamiento knn n=10000: 0.006 s + 2.354 s
2026-10-01 21:51:16    escalamiento knn n=20000: 0.011 s + 4.888 s
2026-10-01 21:51:35    escalamiento knn n=38978: 0.017 s + 4.874 s
2026-10-01 21:51:35    escalamiento xgboost n=2500: 0.203 s + 0.007 s
2026-10-01 21:51:36    escalamiento xgboost n=5000: 0.284 s + 0.006 s
2026-10-01 21:51:38    escalamiento xgboost n=10000: 0.530 s + 0.006 s
2026-10-01 21:51:40    escalamiento xgboost n=20000: 0.710 s + 0.008 s
2026-10-01 21:51:45    escalamiento xgboost n=38978: 0.952 s + 0.010 s
2026-10-01 21:51:48    escalamiento random_forest n=2500: 0.986 s + 0.091 s
2026-10-01 21:51:55    escalamiento random_forest n=5000: 1.843 s + 0.102 s
2026-10-01 21:52:06    escalamiento random_forest n=10000: 3.661 s + 0.116 s
2026-10-01 21:52:14    escalamiento random_forest n=20000: 7.691 s + 0.106 s
2026-10-01 21:52:50    escalamiento random_forest n=38978: 16.278 s + 0.092 s
2026-10-01 21:52:50    escalamiento ridge n=2500: 0.029 s + 0.001 s
2026-10-01 21:52:50    escalamiento ridge n=5000: 0.051 s + 0.001 s
2026-10-01 21:52:50    escalamiento ridge n=10000: 0.095 s + 0.001 s
2026-10-01 21:52:51    escalamiento ridge n=20000: 0.028 s + 0.002 s
2026-10-01 21:52:53    escalamiento ridge n=38978: 0.048 s + 0.001 s
2026-10-01 21:52:53    escalamiento lasso n=2500: 0.010 s + 0.001 s
2026-10-01 21:52:53    escalamiento lasso n=5000: 0.018 s + 0.001 s
2026-10-01 21:52:53    escalamiento lasso n=10000: 0.032 s + 0.001 s
2026-10-01 21:52:54    escalamiento lasso n=20000: 0.170 s + 0.001 s
2026-10-01 21:52:55    escalamiento lasso n=38978: 0.179 s + 0.001 s
2026-10-01 21:52:55    escalamiento svr n=2500: 0.026 s + 0.001 s
2026-10-01 21:52:56    escalamiento svr n=5000: 0.043 s + 0.001 s
2026-10-01 21:52:56    escalamiento svr n=10000: 0.141 s + 0.001 s
2026-10-01 21:52:57    escalamiento svr n=20000: 0.171 s + 0.001 s
2026-10-01 21:52:59    escalamiento svr n=38978: 0.435 s + 0.001 s
2026-10-01 21:52:59  escalamiento: hecho en 2.5 min
2026-10-01 21:53:16    knn 78 variables brute: 0.00 s + 8.04 s
2026-10-01 21:53:42    knn 78 variables kd_tree: 0.66 s + 24.07 s
2026-10-01 21:54:08    knn 78 variables ball_tree: 0.40 s + 24.26 s
2026-10-01 21:54:32    knn 78 variables FAISS IndexFlat (exacto): 0.01 s + 11.95 s
2026-10-01 21:55:03    knn 78 variables FAISS HNSW (aproximado, M=32): 2.66 s + 11.45 s
2026-10-01 21:55:08    knn 4 variables con señal brute: 0.00 s + 2.50 s
2026-10-01 21:55:10    knn 4 variables con señal kd_tree: 0.04 s + 1.85 s
2026-10-01 21:55:13    knn 4 variables con señal ball_tree: 0.03 s + 3.10 s
2026-10-01 21:55:17    knn 4 variables con señal FAISS IndexFlat (exacto): 0.00 s + 1.93 s
2026-10-01 21:55:37    knn 4 variables con señal FAISS HNSW (aproximado, M=32): 0.92 s + 8.32 s
2026-10-01 21:55:37  knn: hecho en 2.6 min
2026-10-01 21:55:37    Ridge cholesky: 0.079 s
2026-10-01 21:55:39    Ridge svd: 0.423 s
2026-10-01 21:55:39    Ridge lsqr: 0.249 s
2026-10-01 21:55:40    Ridge sparse_cg: 0.260 s
2026-10-01 21:56:05    Ridge sag: 8.378 s
2026-10-01 21:56:51    Ridge saga: 15.082 s
2026-10-01 21:56:52    Lasso descenso por coordenadas: 0.219 s
2026-10-01 21:56:54    Lasso SGD con penalización L1: 0.879 s
2026-10-01 21:56:58    logística liblinear: 1.267 s
2026-10-01 21:57:57    logística saga: 19.396 s
2026-10-01 21:57:57  lineales: hecho en 2.3 min
2026-10-01 21:58:07  naive_bayes: hecho en 0.2 min
2026-10-01 21:58:23    xgboost exact cpu hilos=-1: 5.76 s
2026-10-01 21:58:40    xgboost approx cpu hilos=-1: 5.64 s
2026-10-01 21:58:43    xgboost hist cpu hilos=-1: 0.82 s
2026-10-01 21:58:50    xgboost hist cpu hilos=1: 2.28 s
2026-10-01 21:58:52    xgboost hist cuda hilos=-1: 0.86 s
2026-10-01 21:58:58    xgboost 500 árboles fijos, tasa 0,05: 2.72 s, 500 árboles
2026-10-01 21:59:01    xgboost hasta 5.000 árboles con early stopping (50 rondas): 1.41 s, 153 árboles
2026-10-01 21:59:01  xgboost: hecho en 0.9 min
2026-10-01 21:59:01    svm LinearSVC (primal, L2) n=1000: 0.00 s + 0.00 s
2026-10-01 21:59:01    svm SGD con pérdida hinge n=1000: 0.00 s + 0.00 s
2026-10-01 21:59:01    svm SVC núcleo RBF n=1000: 0.05 s + 0.66 s
2026-10-01 21:59:01    svm LinearSVC (primal, L2) n=2000: 0.01 s + 0.00 s
2026-10-01 21:59:01    svm SGD con pérdida hinge n=2000: 0.01 s + 0.00 s
2026-10-01 21:59:03    svm SVC núcleo RBF n=2000: 0.15 s + 1.23 s
2026-10-01 21:59:03    svm LinearSVC (primal, L2) n=4000: 0.02 s + 0.00 s
2026-10-01 21:59:03    svm SGD con pérdida hinge n=4000: 0.02 s + 0.00 s
2026-10-01 21:59:06    svm SVC núcleo RBF n=4000: 0.59 s + 2.52 s
2026-10-01 21:59:06    svm LinearSVC (primal, L2) n=8000: 0.04 s + 0.00 s
2026-10-01 21:59:06    svm SGD con pérdida hinge n=8000: 0.04 s + 0.00 s
2026-10-01 21:59:13    svm SVC núcleo RBF n=8000: 2.38 s + 4.40 s
2026-10-01 21:59:15    svm LinearSVC (primal, L2) n=38978: 0.61 s + 0.00 s
2026-10-01 21:59:15    svm SGD con pérdida hinge n=38978: 0.18 s + 0.00 s
2026-10-01 21:59:15  svm: hecho en 0.2 min
2026-10-01 22:01:53    RF n_jobs=1: 78.55 s
2026-10-01 22:03:16    RF n_jobs=2: 41.67 s
2026-10-01 22:04:12    RF n_jobs=3: 28.13 s
2026-10-01 22:05:02    RF n_jobs=4: 24.97 s
2026-10-01 22:05:39    RF n_jobs=6: 18.59 s
2026-10-01 22:09:40    grid loky n_jobs=1: 120.30 s
2026-10-01 22:12:05    grid loky n_jobs=2: 72.39 s
2026-10-01 22:13:45    grid loky n_jobs=4: 50.36 s
2026-10-01 22:15:07    grid loky n_jobs=6: 40.63 s
2026-10-01 22:16:24    grid threading n_jobs=6: 38.57 s
2026-10-01 22:18:03    grid multiprocessing n_jobs=6: 49.52 s
2026-10-01 22:18:03  paralelismo: hecho en 18.8 min
2026-10-01 22:19:08    entre modelos · todo en serie (1 núcleo): 64.70 s
2026-10-01 22:19:57    entre modelos · dentro de cada modelo (n_jobs=6), modelos en serie: 24.72 s
2026-10-01 22:21:25    entre modelos · entre modelos (4 a la vez, n_jobs=1 dentro): 44.21 s
2026-10-01 22:22:20    entre modelos · mixto (2 modelos a la vez × n_jobs=3 dentro): 27.50 s
2026-10-01 22:22:20  entre_modelos: hecho en 4.3 min
2026-10-01 22:22:38  perfil: hecho en 0.3 min
2026-10-01 22:23:13    fidelidad random_forest cfg 0: baja 0.8291 · alta 0.8294
2026-10-01 22:23:52    fidelidad random_forest cfg 1: baja 0.8293 · alta 0.8302
2026-10-01 22:24:33    fidelidad random_forest cfg 2: baja 0.8285 · alta 0.8300
2026-10-01 22:25:26    fidelidad random_forest cfg 3: baja 0.8307 · alta 0.8310
2026-10-01 22:25:42    fidelidad random_forest cfg 4: baja 0.8222 · alta 0.8226
2026-10-01 22:26:01    fidelidad random_forest cfg 5: baja 0.8172 · alta 0.8232
2026-10-01 22:26:21    fidelidad random_forest cfg 6: baja 0.8243 · alta 0.8265
2026-10-01 22:26:39    fidelidad random_forest cfg 7: baja 0.8244 · alta 0.8264
2026-10-01 22:27:22    fidelidad random_forest cfg 8: baja 0.8300 · alta 0.8300
2026-10-01 22:28:27    fidelidad random_forest cfg 9: baja 0.8324 · alta 0.8326
2026-10-01 22:28:36    fidelidad random_forest cfg 10: baja 0.8193 · alta 0.8198
2026-10-01 22:28:55    fidelidad random_forest cfg 11: baja 0.8225 · alta 0.8266
2026-10-01 22:29:47    fidelidad ebm cfg 0: baja 0.8288 · alta 0.8292
2026-10-01 22:31:20    fidelidad ebm cfg 1: baja 0.8274 · alta 0.8272
2026-10-01 22:32:27    fidelidad ebm cfg 2: baja 0.8282 · alta 0.8284
2026-10-01 22:33:25    fidelidad ebm cfg 3: baja 0.8274 · alta 0.8268
2026-10-01 22:34:02    fidelidad ebm cfg 4: baja 0.8272 · alta 0.8279
2026-10-01 22:34:40    fidelidad ebm cfg 5: baja 0.8278 · alta 0.8284
2026-10-01 22:35:17    fidelidad ebm cfg 6: baja 0.8276 · alta 0.8274
2026-10-01 22:35:48    fidelidad ebm cfg 7: baja 0.8277 · alta 0.8281
2026-10-01 22:35:48  fidelidad: hecho en 13.2 min
2026-10-01 22:35:48  fin en 45.7 min
2026-10-01 23:05:49  ==============================================================================
2026-10-01 23:05:49  inicio · código congelado en _codigo_computo (huella d1dac1489d14) · experimentos: ['knn_euclidea']
2026-10-01 23:06:02  datos listos: (38978, 78) entrenamiento, (9745, 78) prueba
2026-10-01 23:06:05    knn euclídea k=10 FAISS IndexFlatL2 (exacto): 0.01 s + 0.74 s · exhaustividad 1.000
2026-10-01 23:06:08    knn euclídea k=10 FAISS HNSW (aproximado, M=32): 1.01 s + 0.24 s · exhaustividad 0.994
2026-10-01 23:06:11    knn euclídea k=100 FAISS IndexFlatL2 (exacto): 0.00 s + 0.93 s · exhaustividad 1.000
2026-10-01 23:06:15    knn euclídea k=100 FAISS HNSW (aproximado, M=32): 0.78 s + 0.72 s · exhaustividad 0.997
2026-10-01 23:06:15  knn_euclidea: hecho en 0.2 min
2026-10-01 23:06:15  fin en 0.4 min
