2026-09-29 20:54:04  ==============================================================================
2026-09-29 20:54:04  inicio · pid 25704 · código congelado en _codigo_corrida (huella 42a748b91a3e) · prioridad baja · suspensión bloqueada
2026-09-29 20:54:12  datos: 38,978 filas × 48 columnas de entrenamiento · etiqueta percentil q=0.75 umbral 0.392724 · riesgo alto 24.60 %
2026-09-29 20:54:12  plan: 140 corridas · ya hechas 0 · pendientes 140 · estimación a priori 16.0 h
2026-09-29 20:55:00  [  1/140] regresion · ridge · ninguno · grid: rmse = 0.0618 ± 0.0005 · 150 evals · 0:00 · transcurrido 0:00 · restante estimado 42.9 h (ritmo real/estimado ×2.69) · fin previsto Thu 01 15:49
2026-09-29 20:55:59  [  2/140] regresion · ridge · ninguno · random: rmse = 0.0618 ± 0.0005 · 150 evals · 0:00 · transcurrido 0:01 · restante estimado 47.1 h (ritmo real/estimado ×2.95) · fin previsto Thu 01 20:01
2026-09-29 20:57:24  [  3/140] regresion · ridge · ninguno · bayesiana: rmse = 0.0618 ± 0.0005 · 150 evals · 0:01 · transcurrido 0:03 · restante estimado 56.6 h (ritmo real/estimado ×3.55) · fin previsto Fri 02 05:35
2026-09-29 20:57:24  encontrado DETENER: se detiene antes de la corrida 4/140
2026-09-29 20:57:24  fin de la sesión · 3 corridas ejecutadas en 0:03 · estado de la tabla maestra: {'ok': 3} (3 de 140)
2026-09-29 20:58:21  ==============================================================================
2026-09-29 20:58:21  inicio · pid 24180 · código congelado en _codigo_corrida (huella 42a748b91a3e) · prioridad baja · suspensión bloqueada
2026-09-29 20:58:28  datos: 38,978 filas × 48 columnas de entrenamiento · etiqueta percentil q=0.75 umbral 0.392724 · riesgo alto 24.60 %
2026-09-29 20:58:29  plan: 140 corridas · ya hechas 3 · pendientes 137 · estimación a priori 16.3 h
2026-09-29 20:59:58  [  4/140] regresion · ridge · ninguno · genetica: rmse = 0.0618 ± 0.0005 · 150 evals · 0:01 · transcurrido 0:01 · restante estimado 20.0 h (ritmo real/estimado ×1.23) · fin previsto Wed 30 16:58
2026-09-29 21:07:04  [  5/140] regresion · lasso · ninguno · grid: rmse = 0.0618 ± 0.0005 · 150 evals · 0:07 · transcurrido 0:08 · restante estimado 58.0 h (ritmo real/estimado ×3.57) · fin previsto Fri 02 07:06
2026-09-29 21:14:17  [  6/140] regresion · lasso · ninguno · random: rmse = 0.0618 ± 0.0005 · 150 evals · 0:07 · transcurrido 0:15 · restante estimado 71.1 h (ritmo real/estimado ×4.39) · fin previsto Fri 02 20:23
2026-09-29 21:19:23  [  7/140] regresion · lasso · ninguno · bayesiana: rmse = 0.0618 ± 0.0005 · 150 evals · 0:05 · transcurrido 0:21 · restante estimado 70.5 h (ritmo real/estimado ×4.35) · fin previsto Fri 02 19:48
2026-09-29 21:26:05  [  8/140] regresion · lasso · ninguno · genetica: rmse = 0.0618 ± 0.0005 · 150 evals · 0:06 · transcurrido 0:27 · restante estimado 74.4 h (ritmo real/estimado ×4.60) · fin previsto Fri 02 23:49
2026-09-29 21:28:08  [  9/140] regresion · arbol · ninguno · grid: rmse = 0.0596 ± 0.0006 · 240 evals · 0:02 · transcurrido 0:29 · restante estimado 63.8 h (ritmo real/estimado ×3.95) · fin previsto Fri 02 13:18
2026-09-29 21:30:09  [ 10/140] regresion · arbol · ninguno · random: rmse = 0.0593 ± 0.0004 · 240 evals · 0:02 · transcurrido 0:31 · restante estimado 56.7 h (ritmo real/estimado ×3.52) · fin previsto Fri 02 06:13
2026-09-29 21:34:16  [ 11/140] regresion · arbol · ninguno · bayesiana: rmse = 0.0593 ± 0.0004 · 240 evals · 0:04 · transcurrido 0:35 · restante estimado 54.9 h (ritmo real/estimado ×3.41) · fin previsto Fri 02 04:25
2026-09-29 21:38:00  [ 12/140] regresion · arbol · ninguno · genetica: rmse = 0.0593 ± 0.0004 · 240 evals · 0:03 · transcurrido 0:39 · restante estimado 52.9 h (ritmo real/estimado ×3.29) · fin previsto Fri 02 02:32
2026-09-29 22:37:54  ==============================================================================
2026-09-29 22:37:54  inicio · pid 14756 · código congelado en _codigo_corrida (huella 8e01c95c4d69) · prioridad baja · suspensión bloqueada
2026-09-29 22:38:02  datos: 38,978 filas × 48 columnas de entrenamiento · etiqueta percentil q=0.75 umbral 0.392724 · riesgo alto 24.60 %
2026-09-29 22:38:02  plan: 140 corridas · ya hechas 12 · pendientes 128 · estimación a priori 16.3 h
2026-09-29 22:39:53  [ 13/140] regresion · svr · ninguno · grid: rmse = 0.0618 ± 0.0005 · 150 evals · 0:01 · transcurrido 0:01 · restante estimado 19.3 h (ritmo real/estimado ×1.19) · fin previsto Wed 30 17:57
2026-09-29 22:41:35  [ 14/140] regresion · svr · ninguno · random: rmse = 0.0618 ± 0.0005 · 150 evals · 0:01 · transcurrido 0:03 · restante estimado 18.4 h (ritmo real/estimado ×1.13) · fin previsto Wed 30 17:05
2026-09-29 22:44:17  [ 15/140] regresion · svr · ninguno · bayesiana: rmse = 0.0618 ± 0.0005 · 150 evals · 0:02 · transcurrido 0:06 · restante estimado 21.6 h (ritmo real/estimado ×1.33) · fin previsto Wed 30 20:17
2026-09-29 22:46:54  [ 16/140] regresion · svr · ninguno · genetica: rmse = 0.0618 ± 0.0005 · 150 evals · 0:02 · transcurrido 0:08 · restante estimado 22.9 h (ritmo real/estimado ×1.42) · fin previsto Wed 30 21:42
2026-09-29 22:52:45  [ 17/140] regresion · xgboost · ninguno · grid: rmse = 0.0590 ± 0.0004 · 160 evals · 0:05 · transcurrido 0:14 · restante estimado 14.3 h (ritmo real/estimado ×0.89) · fin previsto Wed 30 13:10
2026-09-29 23:01:31  [ 18/140] regresion · xgboost · ninguno · random: rmse = 0.0590 ± 0.0004 · 160 evals · 0:08 · transcurrido 0:23 · restante estimado 13.9 h (ritmo real/estimado ×0.88) · fin previsto Wed 30 12:58
2026-09-29 23:11:55  [ 19/140] regresion · xgboost · ninguno · bayesiana: rmse = 0.0590 ± 0.0004 · 160 evals · 0:10 · transcurrido 0:34 · restante estimado 14.4 h (ritmo real/estimado ×0.92) · fin previsto Wed 30 13:35
2026-09-29 23:31:58  [ 20/140] regresion · xgboost · ninguno · genetica: rmse = 0.0592 ± 0.0004 · 160 evals · 0:20 · transcurrido 0:54 · restante estimado 17.8 h (ritmo real/estimado ×1.15) · fin previsto Wed 30 17:17
2026-09-29 23:56:55  [ 21/140] regresion · knn · ninguno · grid: rmse = 0.0634 ± 0.0004 · 160 evals · 0:24 · transcurrido 1:19 · restante estimado 21.1 h (ritmo real/estimado ×1.38) · fin previsto Wed 30 21:03
2026-09-30 00:12:17  [ 22/140] regresion · knn · ninguno · random: rmse = 0.0634 ± 0.0004 · 160 evals · 0:15 · transcurrido 1:34 · restante estimado 21.2 h (ritmo real/estimado ×1.40) · fin previsto Wed 30 21:22
2026-09-30 00:46:27  [ 23/140] regresion · knn · ninguno · bayesiana: rmse = 0.0634 ± 0.0004 · 160 evals · 0:34 · transcurrido 2:08 · restante estimado 24.8 h (ritmo real/estimado ×1.65) · fin previsto Thu 01 01:33
2026-09-30 01:20:43  [ 24/140] regresion · knn · ninguno · genetica: rmse = 0.0634 ± 0.0004 · 160 evals · 0:34 · transcurrido 2:42 · restante estimado 27.4 h (ritmo real/estimado ×1.85) · fin previsto Thu 01 04:46
2026-09-30 01:36:46  [ 25/140] regresion · random_forest · ninguno · grid: rmse = 0.0592 ± 0.0004 · 180 evals · 0:16 · transcurrido 2:58 · restante estimado 27.6 h (ritmo real/estimado ×1.88) · fin previsto Thu 01 05:14
2026-09-30 01:51:03  [ 26/140] regresion · random_forest · ninguno · random: rmse = 0.0592 ± 0.0004 · 180 evals · 0:14 · transcurrido 3:13 · restante estimado 27.5 h (ritmo real/estimado ×1.89) · fin previsto Thu 01 05:21
2026-09-30 02:06:53  [ 27/140] regresion · random_forest · ninguno · bayesiana: rmse = 0.0592 ± 0.0004 · 180 evals · 0:15 · transcurrido 3:28 · restante estimado 27.6 h (ritmo real/estimado ×1.91) · fin previsto Thu 01 05:41
2026-09-30 02:19:37  [ 28/140] regresion · random_forest · ninguno · genetica: rmse = 0.0593 ± 0.0004 · 180 evals · 0:12 · transcurrido 3:41 · restante estimado 27.2 h (ritmo real/estimado ×1.90) · fin previsto Thu 01 05:33
2026-09-30 02:20:17  [ 29/140] clasificacion · naive_bayes · ninguno · grid: auc = 0.6722 ± 0.0119 · 150 evals · 0:00 · transcurrido 3:42 · restante estimado 27.0 h (ritmo real/estimado ×1.89) · fin previsto Thu 01 05:19
2026-09-30 02:20:57  [ 30/140] clasificacion · naive_bayes · ninguno · random: auc = 0.6711 ± 0.0117 · 150 evals · 0:00 · transcurrido 3:43 · restante estimado 26.8 h (ritmo real/estimado ×1.87) · fin previsto Thu 01 05:06
2026-09-30 02:22:17  [ 31/140] clasificacion · naive_bayes · ninguno · bayesiana: auc = 0.6720 ± 0.0119 · 150 evals · 0:01 · transcurrido 3:44 · restante estimado 26.6 h (ritmo real/estimado ×1.86) · fin previsto Thu 01 04:59
2026-09-30 02:23:36  [ 32/140] clasificacion · naive_bayes · ninguno · genetica: auc = 0.6722 ± 0.0119 · 150 evals · 0:01 · transcurrido 3:45 · restante estimado 26.5 h (ritmo real/estimado ×1.86) · fin previsto Thu 01 04:51
2026-09-30 02:24:38  [ 33/140] clasificacion · naive_bayes · smote · grid: auc = 0.6063 ± 0.0062 · 150 evals · 0:01 · transcurrido 3:46 · restante estimado 26.2 h (ritmo real/estimado ×1.84) · fin previsto Thu 01 04:38
2026-09-30 02:25:40  [ 34/140] clasificacion · naive_bayes · smote · random: auc = 0.6047 ± 0.0061 · 150 evals · 0:01 · transcurrido 3:47 · restante estimado 26.0 h (ritmo real/estimado ×1.83) · fin previsto Thu 01 04:26
2026-09-30 02:27:42  [ 35/140] clasificacion · naive_bayes · smote · bayesiana: auc = 0.6061 ± 0.0062 · 150 evals · 0:02 · transcurrido 3:49 · restante estimado 25.9 h (ritmo real/estimado ×1.83) · fin previsto Thu 01 04:21
2026-09-30 02:29:44  [ 36/140] clasificacion · naive_bayes · smote · genetica: auc = 0.6063 ± 0.0062 · 150 evals · 0:02 · transcurrido 3:51 · restante estimado 25.8 h (ritmo real/estimado ×1.82) · fin previsto Thu 01 04:16
2026-09-30 02:31:56  [ 37/140] clasificacion · naive_bayes · adasyn · grid: auc = 0.6039 ± 0.0057 · 150 evals · 0:02 · transcurrido 3:54 · restante estimado 25.7 h (ritmo real/estimado ×1.82) · fin previsto Thu 01 04:13
2026-09-30 02:34:11  [ 38/140] clasificacion · naive_bayes · adasyn · random: auc = 0.6024 ± 0.0056 · 150 evals · 0:02 · transcurrido 3:56 · restante estimado 25.6 h (ritmo real/estimado ×1.81) · fin previsto Thu 01 04:10
2026-09-30 02:38:29  [ 39/140] clasificacion · naive_bayes · adasyn · bayesiana: auc = 0.6037 ± 0.0057 · 150 evals · 0:04 · transcurrido 4:00 · restante estimado 25.7 h (ritmo real/estimado ×1.83) · fin previsto Thu 01 04:23
2026-09-30 02:42:46  [ 40/140] clasificacion · naive_bayes · adasyn · genetica: auc = 0.6039 ± 0.0057 · 150 evals · 0:04 · transcurrido 4:04 · restante estimado 25.9 h (ritmo real/estimado ×1.84) · fin previsto Thu 01 04:35
2026-09-30 02:43:28  [ 41/140] clasificacion · naive_bayes · class_weight · grid: auc = 0.6722 ± 0.0119 · 150 evals · 0:00 · transcurrido 4:05 · restante estimado 25.7 h (ritmo real/estimado ×1.83) · fin previsto Thu 01 04:24
2026-09-30 02:44:09  [ 42/140] clasificacion · naive_bayes · class_weight · random: auc = 0.6711 ± 0.0117 · 150 evals · 0:00 · transcurrido 4:06 · restante estimado 25.5 h (ritmo real/estimado ×1.82) · fin previsto Thu 01 04:13
2026-09-30 02:45:28  [ 43/140] clasificacion · naive_bayes · class_weight · bayesiana: auc = 0.6720 ± 0.0119 · 150 evals · 0:01 · transcurrido 4:07 · restante estimado 25.4 h (ritmo real/estimado ×1.81) · fin previsto Thu 01 04:07
2026-09-30 02:46:47  [ 44/140] clasificacion · naive_bayes · class_weight · genetica: auc = 0.6722 ± 0.0119 · 150 evals · 0:01 · transcurrido 4:08 · restante estimado 25.2 h (ritmo real/estimado ×1.80) · fin previsto Thu 01 04:01
2026-09-30 02:49:22  [ 45/140] clasificacion · logistica · ninguno · grid: auc = 0.7642 ± 0.0046 · 150 evals · 0:02 · transcurrido 4:11 · restante estimado 24.6 h (ritmo real/estimado ×1.77) · fin previsto Thu 01 03:22
2026-09-30 02:51:40  [ 46/140] clasificacion · logistica · ninguno · random: auc = 0.7642 ± 0.0048 · 150 evals · 0:02 · transcurrido 4:13 · restante estimado 23.9 h (ritmo real/estimado ×1.73) · fin previsto Thu 01 02:45
2026-09-30 02:55:07  [ 47/140] clasificacion · logistica · ninguno · bayesiana: auc = 0.7643 ± 0.0047 · 150 evals · 0:03 · transcurrido 4:17 · restante estimado 23.4 h (ritmo real/estimado ×1.70) · fin previsto Thu 01 02:17
2026-09-30 02:58:26  [ 48/140] clasificacion · logistica · ninguno · genetica: auc = 0.7643 ± 0.0048 · 150 evals · 0:03 · transcurrido 4:20 · restante estimado 22.9 h (ritmo real/estimado ×1.67) · fin previsto Thu 01 01:49
2026-09-30 03:02:16  [ 49/140] clasificacion · logistica · smote · grid: auc = 0.7633 ± 0.0054 · 150 evals · 0:03 · transcurrido 4:24 · restante estimado 22.0 h (ritmo real/estimado ×1.62) · fin previsto Thu 01 01:04
2026-09-30 03:05:52  [ 50/140] clasificacion · logistica · smote · random: auc = 0.7629 ± 0.0046 · 150 evals · 0:03 · transcurrido 4:27 · restante estimado 21.3 h (ritmo real/estimado ×1.58) · fin previsto Thu 01 00:22
2026-09-30 03:10:20  [ 51/140] clasificacion · logistica · smote · bayesiana: auc = 0.7632 ± 0.0053 · 150 evals · 0:04 · transcurrido 4:32 · restante estimado 20.6 h (ritmo real/estimado ×1.55) · fin previsto Wed 30 23:47
2026-09-30 03:14:58  [ 52/140] clasificacion · logistica · smote · genetica: auc = 0.7632 ± 0.0054 · 150 evals · 0:04 · transcurrido 4:37 · restante estimado 20.0 h (ritmo real/estimado ×1.51) · fin previsto Wed 30 23:16
2026-09-30 03:19:38  [ 53/140] clasificacion · logistica · adasyn · grid: auc = 0.7632 ± 0.0052 · 150 evals · 0:04 · transcurrido 4:41 · restante estimado 19.5 h (ritmo real/estimado ×1.48) · fin previsto Wed 30 22:47
2026-09-30 03:24:05  [ 54/140] clasificacion · logistica · adasyn · random: auc = 0.7629 ± 0.0047 · 150 evals · 0:04 · transcurrido 4:46 · restante estimado 18.9 h (ritmo real/estimado ×1.46) · fin previsto Wed 30 22:20
2026-09-30 03:30:54  [ 55/140] clasificacion · logistica · adasyn · bayesiana: auc = 0.7630 ± 0.0050 · 150 evals · 0:06 · transcurrido 4:53 · restante estimado 18.6 h (ritmo real/estimado ×1.44) · fin previsto Wed 30 22:05
2026-09-30 03:37:29  [ 56/140] clasificacion · logistica · adasyn · genetica: auc = 0.7631 ± 0.0050 · 150 evals · 0:06 · transcurrido 4:59 · restante estimado 18.2 h (ritmo real/estimado ×1.43) · fin previsto Wed 30 21:50
2026-09-30 03:39:59  [ 57/140] clasificacion · logistica · class_weight · grid: auc = 0.7643 ± 0.0047 · 150 evals · 0:02 · transcurrido 5:02 · restante estimado 17.9 h (ritmo real/estimado ×1.41) · fin previsto Wed 30 21:32
2026-09-30 03:42:15  [ 58/140] clasificacion · logistica · class_weight · random: auc = 0.7643 ± 0.0046 · 150 evals · 0:02 · transcurrido 5:04 · restante estimado 17.5 h (ritmo real/estimado ×1.39) · fin previsto Wed 30 21:14
2026-09-30 03:45:56  [ 59/140] clasificacion · logistica · class_weight · bayesiana: auc = 0.7644 ± 0.0046 · 150 evals · 0:03 · transcurrido 5:08 · restante estimado 17.3 h (ritmo real/estimado ×1.38) · fin previsto Wed 30 21:03
2026-09-30 03:49:01  [ 60/140] clasificacion · logistica · class_weight · genetica: auc = 0.7644 ± 0.0047 · 150 evals · 0:03 · transcurrido 5:11 · restante estimado 17.0 h (ritmo real/estimado ×1.36) · fin previsto Wed 30 20:49
2026-09-30 03:50:30  [ 61/140] clasificacion · arbol · ninguno · grid: auc = 0.8307 ± 0.0043 · 240 evals · 0:01 · transcurrido 5:12 · restante estimado 16.8 h (ritmo real/estimado ×1.35) · fin previsto Wed 30 20:37
2026-09-30 03:52:14  [ 62/140] clasificacion · arbol · ninguno · random: auc = 0.8327 ± 0.0026 · 240 evals · 0:01 · transcurrido 5:14 · restante estimado 16.6 h (ritmo real/estimado ×1.34) · fin previsto Wed 30 20:27
2026-09-30 03:55:28  [ 63/140] clasificacion · arbol · ninguno · bayesiana: auc = 0.8312 ± 0.0027 · 240 evals · 0:03 · transcurrido 5:17 · restante estimado 16.5 h (ritmo real/estimado ×1.34) · fin previsto Wed 30 20:23
2026-09-30 03:58:54  [ 64/140] clasificacion · arbol · ninguno · genetica: auc = 0.8321 ± 0.0035 · 240 evals · 0:03 · transcurrido 5:20 · restante estimado 16.3 h (ritmo real/estimado ×1.33) · fin previsto Wed 30 20:19
2026-09-30 04:01:44  [ 65/140] clasificacion · arbol · smote · grid: auc = 0.8269 ± 0.0044 · 240 evals · 0:02 · transcurrido 5:23 · restante estimado 16.1 h (ritmo real/estimado ×1.32) · fin previsto Wed 30 20:05
2026-09-30 04:05:05  [ 66/140] clasificacion · arbol · smote · random: auc = 0.8273 ± 0.0050 · 240 evals · 0:03 · transcurrido 5:27 · restante estimado 15.8 h (ritmo real/estimado ×1.31) · fin previsto Wed 30 19:54
2026-09-30 04:10:54  [ 67/140] clasificacion · arbol · smote · bayesiana: auc = 0.8262 ± 0.0057 · 240 evals · 0:05 · transcurrido 5:32 · restante estimado 15.7 h (ritmo real/estimado ×1.31) · fin previsto Wed 30 19:52
2026-09-30 04:17:13  [ 68/140] clasificacion · arbol · smote · genetica: auc = 0.8273 ± 0.0051 · 240 evals · 0:06 · transcurrido 5:39 · restante estimado 15.6 h (ritmo real/estimado ×1.31) · fin previsto Wed 30 19:53
2026-09-30 04:21:51  [ 69/140] clasificacion · arbol · adasyn · grid: auc = 0.8253 ± 0.0056 · 240 evals · 0:04 · transcurrido 5:43 · restante estimado 15.4 h (ritmo real/estimado ×1.30) · fin previsto Wed 30 19:47
2026-09-30 04:27:04  [ 70/140] clasificacion · arbol · adasyn · random: auc = 0.8257 ± 0.0063 · 240 evals · 0:05 · transcurrido 5:49 · restante estimado 15.3 h (ritmo real/estimado ×1.30) · fin previsto Wed 30 19:44
2026-09-30 04:36:54  [ 71/140] clasificacion · arbol · adasyn · bayesiana: auc = 0.8259 ± 0.0047 · 240 evals · 0:09 · transcurrido 5:59 · restante estimado 15.3 h (ritmo real/estimado ×1.31) · fin previsto Wed 30 19:57
2026-09-30 04:46:55  [ 72/140] clasificacion · arbol · adasyn · genetica: auc = 0.8259 ± 0.0061 · 240 evals · 0:10 · transcurrido 6:09 · restante estimado 15.4 h (ritmo real/estimado ×1.32) · fin previsto Wed 30 20:10
2026-09-30 04:48:27  [ 73/140] clasificacion · arbol · class_weight · grid: auc = 0.8329 ± 0.0020 · 240 evals · 0:01 · transcurrido 6:10 · restante estimado 15.2 h (ritmo real/estimado ×1.31) · fin previsto Wed 30 20:01
2026-09-30 04:50:16  [ 74/140] clasificacion · arbol · class_weight · random: auc = 0.8332 ± 0.0021 · 240 evals · 0:01 · transcurrido 6:12 · restante estimado 15.0 h (ritmo real/estimado ×1.31) · fin previsto Wed 30 19:53
2026-09-30 04:53:33  [ 75/140] clasificacion · arbol · class_weight · bayesiana: auc = 0.8301 ± 0.0039 · 240 evals · 0:03 · transcurrido 6:15 · restante estimado 14.9 h (ritmo real/estimado ×1.30) · fin previsto Wed 30 19:50
2026-09-30 04:57:04  [ 76/140] clasificacion · arbol · class_weight · genetica: auc = 0.8321 ± 0.0029 · 240 evals · 0:03 · transcurrido 6:19 · restante estimado 14.9 h (ritmo real/estimado ×1.30) · fin previsto Wed 30 19:48
2026-09-30 04:58:55  [ 77/140] clasificacion · svm · ninguno · grid: auc = 0.7639 ± 0.0040 · 150 evals · 0:01 · transcurrido 6:21 · restante estimado 14.7 h (ritmo real/estimado ×1.29) · fin previsto Wed 30 19:39
2026-09-30 05:00:45  [ 78/140] clasificacion · svm · ninguno · random: auc = 0.7639 ± 0.0040 · 150 evals · 0:01 · transcurrido 6:22 · restante estimado 14.5 h (ritmo real/estimado ×1.28) · fin previsto Wed 30 19:30
2026-09-30 05:03:18  [ 79/140] clasificacion · svm · ninguno · bayesiana: auc = 0.7639 ± 0.0040 · 150 evals · 0:02 · transcurrido 6:25 · restante estimado 14.3 h (ritmo real/estimado ×1.27) · fin previsto Wed 30 19:23
2026-09-30 05:06:00  [ 80/140] clasificacion · svm · ninguno · genetica: auc = 0.7639 ± 0.0040 · 150 evals · 0:02 · transcurrido 6:28 · restante estimado 14.2 h (ritmo real/estimado ×1.27) · fin previsto Wed 30 19:17
2026-09-30 05:08:50  [ 81/140] clasificacion · svm · smote · grid: auc = 0.7626 ± 0.0045 · 150 evals · 0:02 · transcurrido 6:30 · restante estimado 13.9 h (ritmo real/estimado ×1.26) · fin previsto Wed 30 19:05
2026-09-30 05:11:32  [ 82/140] clasificacion · svm · smote · random: auc = 0.7626 ± 0.0045 · 150 evals · 0:02 · transcurrido 6:33 · restante estimado 13.7 h (ritmo real/estimado ×1.24) · fin previsto Wed 30 18:53
2026-09-30 05:15:14  [ 83/140] clasificacion · svm · smote · bayesiana: auc = 0.7627 ± 0.0045 · 150 evals · 0:03 · transcurrido 6:37 · restante estimado 13.5 h (ritmo real/estimado ×1.23) · fin previsto Wed 30 18:44
2026-09-30 05:18:57  [ 84/140] clasificacion · svm · smote · genetica: auc = 0.7627 ± 0.0045 · 150 evals · 0:03 · transcurrido 6:41 · restante estimado 13.3 h (ritmo real/estimado ×1.23) · fin previsto Wed 30 18:35
2026-09-30 05:22:38  [ 85/140] clasificacion · svm · adasyn · grid: auc = 0.7625 ± 0.0045 · 150 evals · 0:03 · transcurrido 6:44 · restante estimado 13.1 h (ritmo real/estimado ×1.22) · fin previsto Wed 30 18:27
2026-09-30 05:26:16  [ 86/140] clasificacion · svm · adasyn · random: auc = 0.7624 ± 0.0046 · 150 evals · 0:03 · transcurrido 6:48 · restante estimado 12.9 h (ritmo real/estimado ×1.21) · fin previsto Wed 30 18:18
2026-09-30 05:32:16  [ 87/140] clasificacion · svm · adasyn · bayesiana: auc = 0.7625 ± 0.0045 · 150 evals · 0:05 · transcurrido 6:54 · restante estimado 12.8 h (ritmo real/estimado ×1.21) · fin previsto Wed 30 18:17
2026-09-30 05:38:18  [ 88/140] clasificacion · svm · adasyn · genetica: auc = 0.7624 ± 0.0045 · 150 evals · 0:06 · transcurrido 7:00 · restante estimado 12.6 h (ritmo real/estimado ×1.21) · fin previsto Wed 30 18:16
2026-09-30 05:40:22  [ 89/140] clasificacion · svm · class_weight · grid: auc = 0.7641 ± 0.0044 · 150 evals · 0:02 · transcurrido 7:02 · restante estimado 12.5 h (ritmo real/estimado ×1.20) · fin previsto Wed 30 18:10
2026-09-30 05:42:20  [ 90/140] clasificacion · svm · class_weight · random: auc = 0.7641 ± 0.0044 · 150 evals · 0:01 · transcurrido 7:04 · restante estimado 12.4 h (ritmo real/estimado ×1.19) · fin previsto Wed 30 18:04
2026-09-30 05:45:02  [ 91/140] clasificacion · svm · class_weight · bayesiana: auc = 0.7641 ± 0.0044 · 150 evals · 0:02 · transcurrido 7:07 · restante estimado 12.2 h (ritmo real/estimado ×1.19) · fin previsto Wed 30 17:59
2026-09-30 05:47:56  [ 92/140] clasificacion · svm · class_weight · genetica: auc = 0.7641 ± 0.0044 · 150 evals · 0:02 · transcurrido 7:10 · restante estimado 12.1 h (ritmo real/estimado ×1.19) · fin previsto Wed 30 17:56
2026-09-30 05:52:02  [ 93/140] clasificacion · xgboost · ninguno · grid: auc = 0.8319 ± 0.0035 · 160 evals · 0:04 · transcurrido 7:14 · restante estimado 11.8 h (ritmo real/estimado ×1.17) · fin previsto Wed 30 17:40
2026-09-30 05:57:51  [ 94/140] clasificacion · xgboost · ninguno · random: auc = 0.8310 ± 0.0018 · 160 evals · 0:05 · transcurrido 7:19 · restante estimado 11.5 h (ritmo real/estimado ×1.16) · fin previsto Wed 30 17:29
2026-09-30 06:07:58  [ 95/140] clasificacion · xgboost · ninguno · bayesiana: auc = 0.8314 ± 0.0044 · 160 evals · 0:10 · transcurrido 7:30 · restante estimado 11.4 h (ritmo real/estimado ×1.16) · fin previsto Wed 30 17:29
2026-09-30 06:17:49  [ 96/140] clasificacion · xgboost · ninguno · genetica: auc = 0.8323 ± 0.0041 · 160 evals · 0:09 · transcurrido 7:39 · restante estimado 11.2 h (ritmo real/estimado ×1.16) · fin previsto Wed 30 17:29
2026-09-30 06:26:00  [ 97/140] clasificacion · xgboost · smote · grid: auc = 0.8317 ± 0.0027 · 160 evals · 0:08 · transcurrido 7:48 · restante estimado 10.8 h (ritmo real/estimado ×1.14) · fin previsto Wed 30 17:12
2026-09-30 06:38:17  [ 98/140] clasificacion · xgboost · smote · random: auc = 0.8288 ± 0.0046 · 160 evals · 0:12 · transcurrido 8:00 · restante estimado 10.5 h (ritmo real/estimado ×1.14) · fin previsto Wed 30 17:07
2026-09-30 07:01:45  [ 99/140] clasificacion · xgboost · smote · bayesiana: auc = 0.8312 ± 0.0031 · 160 evals · 0:23 · transcurrido 8:23 · restante estimado 10.4 h (ritmo real/estimado ×1.16) · fin previsto Wed 30 17:26
2026-09-30 07:29:36  [100/140] clasificacion · xgboost · smote · genetica: auc = 0.8297 ± 0.0042 · 160 evals · 0:27 · transcurrido 8:51 · restante estimado 10.4 h (ritmo real/estimado ×1.18) · fin previsto Wed 30 17:54
2026-09-30 07:38:59  [101/140] clasificacion · xgboost · adasyn · grid: auc = 0.8308 ± 0.0027 · 160 evals · 0:09 · transcurrido 9:01 · restante estimado 10.1 h (ritmo real/estimado ×1.17) · fin previsto Wed 30 17:42
2026-09-30 07:52:25  [102/140] clasificacion · xgboost · adasyn · random: auc = 0.8294 ± 0.0030 · 160 evals · 0:13 · transcurrido 9:14 · restante estimado 9.8 h (ritmo real/estimado ×1.17) · fin previsto Wed 30 17:38
2026-09-30 08:18:31  [103/140] clasificacion · xgboost · adasyn · bayesiana: auc = 0.8302 ± 0.0042 · 160 evals · 0:26 · transcurrido 9:40 · restante estimado 9.7 h (ritmo real/estimado ×1.19) · fin previsto Wed 30 18:00
2026-09-30 08:48:23  [104/140] clasificacion · xgboost · adasyn · genetica: auc = 0.8288 ± 0.0033 · 160 evals · 0:29 · transcurrido 10:10 · restante estimado 9.7 h (ritmo real/estimado ×1.22) · fin previsto Wed 30 18:28
2026-09-30 08:52:33  [105/140] clasificacion · xgboost · class_weight · grid: auc = 0.8309 ± 0.0033 · 160 evals · 0:04 · transcurrido 10:14 · restante estimado 9.4 h (ritmo real/estimado ×1.21) · fin previsto Wed 30 18:16
2026-09-30 08:58:40  [106/140] clasificacion · xgboost · class_weight · random: auc = 0.8303 ± 0.0030 · 160 evals · 0:06 · transcurrido 10:20 · restante estimado 9.2 h (ritmo real/estimado ×1.20) · fin previsto Wed 30 18:08
2026-09-30 09:08:39  [107/140] clasificacion · xgboost · class_weight · bayesiana: auc = 0.8312 ± 0.0027 · 160 evals · 0:09 · transcurrido 10:30 · restante estimado 9.0 h (ritmo real/estimado ×1.20) · fin previsto Wed 30 18:07
2026-09-30 09:17:33  [108/140] clasificacion · xgboost · class_weight · genetica: auc = 0.8332 ± 0.0049 · 160 evals · 0:08 · transcurrido 10:39 · restante estimado 8.8 h (ritmo real/estimado ×1.19) · fin previsto Wed 30 18:04
2026-09-30 09:30:37  [109/140] clasificacion · knn · ninguno · grid: auc = 0.7831 ± 0.0078 · 160 evals · 0:13 · transcurrido 10:52 · restante estimado 8.5 h (ritmo real/estimado ×1.19) · fin previsto Wed 30 17:58
2026-09-30 09:41:30  [110/140] clasificacion · knn · ninguno · random: auc = 0.7740 ± 0.0037 · 160 evals · 0:10 · transcurrido 11:03 · restante estimado 8.1 h (ritmo real/estimado ×1.18) · fin previsto Wed 30 17:48
2026-09-30 10:14:47  [111/140] clasificacion · knn · ninguno · bayesiana: auc = 0.7831 ± 0.0076 · 160 evals · 0:33 · transcurrido 11:36 · restante estimado 8.0 h (ritmo real/estimado ×1.21) · fin previsto Wed 30 18:17
2026-09-30 10:49:31  [112/140] clasificacion · knn · ninguno · genetica: auc = 0.7836 ± 0.0072 · 160 evals · 0:34 · transcurrido 12:11 · restante estimado 8.0 h (ritmo real/estimado ×1.24) · fin previsto Wed 30 18:47
2026-09-30 11:08:53  [113/140] clasificacion · knn · smote · grid: auc = 0.7681 ± 0.0058 · 160 evals · 0:19 · transcurrido 12:30 · restante estimado 7.5 h (ritmo real/estimado ×1.23) · fin previsto Wed 30 18:36
2026-09-30 11:25:16  [114/140] clasificacion · knn · smote · random: auc = 0.7539 ± 0.0040 · 160 evals · 0:16 · transcurrido 12:47 · restante estimado 7.0 h (ritmo real/estimado ×1.21) · fin previsto Wed 30 18:22
2026-09-30 12:14:17  [115/140] clasificacion · knn · smote · bayesiana: auc = 0.7674 ± 0.0058 · 160 evals · 0:49 · transcurrido 13:36 · restante estimado 6.7 h (ritmo real/estimado ×1.25) · fin previsto Wed 30 18:57
2026-09-30 13:06:02  [116/140] clasificacion · knn · smote · genetica: auc = 0.7681 ± 0.0058 · 160 evals · 0:51 · transcurrido 14:28 · restante estimado 6.5 h (ritmo real/estimado ×1.29) · fin previsto Wed 30 19:35
2026-09-30 13:29:26  [117/140] clasificacion · knn · adasyn · grid: auc = 0.7748 ± 0.0058 · 160 evals · 0:23 · transcurrido 14:51 · restante estimado 6.0 h (ritmo real/estimado ×1.28) · fin previsto Wed 30 19:30
2026-09-30 13:47:12  [118/140] clasificacion · knn · adasyn · random: auc = 0.7580 ± 0.0026 · 160 evals · 0:17 · transcurrido 15:09 · restante estimado 5.5 h (ritmo real/estimado ×1.27) · fin previsto Wed 30 19:17
2026-09-30 14:38:14  [119/140] clasificacion · knn · adasyn · bayesiana: auc = 0.7745 ± 0.0057 · 160 evals · 0:51 · transcurrido 16:00 · restante estimado 5.2 h (ritmo real/estimado ×1.30) · fin previsto Wed 30 19:50
2026-09-30 15:37:21  [120/140] clasificacion · knn · adasyn · genetica: auc = 0.7748 ± 0.0058 · 160 evals · 0:59 · transcurrido 16:59 · restante estimado 4.9 h (ritmo real/estimado ×1.34) · fin previsto Wed 30 20:31
2026-09-30 15:37:22  [121/140] clasificacion · knn · class_weight · grid: NO_APLICA: knn no admite ponderación de clases · transcurrido 16:59 · restante estimado 4.6 h (ritmo real/estimado ×1.34) · fin previsto Wed 30 20:12
2026-09-30 15:37:22  [122/140] clasificacion · knn · class_weight · random: NO_APLICA: knn no admite ponderación de clases · transcurrido 16:59 · restante estimado 4.3 h (ritmo real/estimado ×1.34) · fin previsto Wed 30 19:54
2026-09-30 15:37:22  [123/140] clasificacion · knn · class_weight · bayesiana: NO_APLICA: knn no admite ponderación de clases · transcurrido 16:59 · restante estimado 4.0 h (ritmo real/estimado ×1.34) · fin previsto Wed 30 19:35
2026-09-30 15:37:22  [124/140] clasificacion · knn · class_weight · genetica: NO_APLICA: knn no admite ponderación de clases · transcurrido 16:59 · restante estimado 3.7 h (ritmo real/estimado ×1.34) · fin previsto Wed 30 19:16
2026-09-30 15:58:00  [125/140] clasificacion · random_forest · ninguno · grid: auc = 0.8317 ± 0.0031 · 180 evals · 0:20 · transcurrido 17:20 · restante estimado 3.5 h (ritmo real/estimado ×1.36) · fin previsto Wed 30 19:28
2026-09-30 16:15:14  [126/140] clasificacion · random_forest · ninguno · random: auc = 0.8313 ± 0.0031 · 180 evals · 0:17 · transcurrido 17:37 · restante estimado 3.3 h (ritmo real/estimado ×1.37) · fin previsto Wed 30 19:35
2026-09-30 16:40:05  [127/140] clasificacion · random_forest · ninguno · bayesiana: auc = 0.8322 ± 0.0024 · 180 evals · 0:24 · transcurrido 18:02 · restante estimado 3.2 h (ritmo real/estimado ×1.38) · fin previsto Wed 30 19:51
2026-09-30 17:01:00  [128/140] clasificacion · random_forest · ninguno · genetica: auc = 0.8326 ± 0.0029 · 180 evals · 0:20 · transcurrido 18:23 · restante estimado 3.0 h (ritmo real/estimado ×1.39) · fin previsto Wed 30 20:03
2026-09-30 17:48:47  [129/140] clasificacion · random_forest · smote · grid: auc = 0.8282 ± 0.0039 · 180 evals · 0:47 · transcurrido 19:10 · restante estimado 2.8 h (ritmo real/estimado ×1.43) · fin previsto Wed 30 20:38
2026-09-30 18:29:31  [130/140] clasificacion · random_forest · smote · random: auc = 0.8288 ± 0.0040 · 180 evals · 0:40 · transcurrido 19:51 · restante estimado 2.6 h (ritmo real/estimado ×1.46) · fin previsto Wed 30 21:04
2026-09-30 19:18:14  [131/140] clasificacion · random_forest · smote · bayesiana: auc = 0.8288 ± 0.0033 · 180 evals · 0:48 · transcurrido 20:40 · restante estimado 2.3 h (ritmo real/estimado ×1.50) · fin previsto Wed 30 21:38
2026-09-30 19:55:28  [132/140] clasificacion · random_forest · smote · genetica: auc = 0.8285 ± 0.0043 · 180 evals · 0:37 · transcurrido 21:17 · restante estimado 2.1 h (ritmo real/estimado ×1.52) · fin previsto Wed 30 21:59
2026-09-30 20:41:54  [133/140] clasificacion · random_forest · adasyn · grid: auc = 0.8282 ± 0.0031 · 180 evals · 0:46 · transcurrido 22:03 · restante estimado 1.8 h (ritmo real/estimado ×1.55) · fin previsto Wed 30 22:29
2026-09-30 21:24:46  [134/140] clasificacion · random_forest · adasyn · random: auc = 0.8276 ± 0.0031 · 180 evals · 0:42 · transcurrido 22:46 · restante estimado 1.5 h (ritmo real/estimado ×1.58) · fin previsto Wed 30 22:55
2026-09-30 22:30:18  [135/140] clasificacion · random_forest · adasyn · bayesiana: auc = 0.8289 ± 0.0031 · 180 evals · 1:05 · transcurrido 23:52 · restante estimado 1.2 h (ritmo real/estimado ×1.63) · fin previsto Wed 30 23:43
2026-09-30 23:19:40  [136/140] clasificacion · random_forest · adasyn · genetica: auc = 0.8293 ± 0.0024 · 180 evals · 0:49 · transcurrido 1 day, 0:41 · restante estimado 0.9 h (ritmo real/estimado ×1.67) · fin previsto Thu 01 00:14
2026-09-30 23:44:02  [137/140] clasificacion · random_forest · class_weight · grid: auc = 0.8314 ± 0.0032 · 180 evals · 0:24 · transcurrido 1 day, 1:06 · restante estimado 0.7 h (ritmo real/estimado ×1.68) · fin previsto Thu 01 00:25
2026-10-01 00:05:47  [138/140] clasificacion · random_forest · class_weight · random: auc = 0.8300 ± 0.0035 · 180 evals · 0:21 · transcurrido 1 day, 1:27 · restante estimado 0.5 h (ritmo real/estimado ×1.69) · fin previsto Thu 01 00:33
2026-10-01 00:33:03  [139/140] clasificacion · random_forest · class_weight · bayesiana: auc = 0.8296 ± 0.0042 · 180 evals · 0:27 · transcurrido 1 day, 1:55 · restante estimado 0.2 h (ritmo real/estimado ×1.70) · fin previsto Thu 01 00:46
2026-10-01 00:52:02  [140/140] clasificacion · random_forest · class_weight · genetica: auc = 0.8299 ± 0.0037 · 180 evals · 0:18 · transcurrido 1 day, 2:14 · restante estimado 0.0 h (ritmo real/estimado ×1.71) · fin previsto Thu 01 00:52
2026-10-01 00:52:02  fin de la sesión · 124 corridas ejecutadas en 1 day, 2:14 · estado de la tabla maestra: {'ok': 136, 'no_aplica': 4} (140 de 140)
2026-10-01 02:18:15  ==============================================================================
2026-10-01 02:18:15  inicio · plan modelo_nuevo · pid 30992 · código congelado en _codigo_modelo_nuevo (huella 685ee09a860c) · prioridad baja · suspensión bloqueada
2026-10-01 02:18:23  datos: 38,978 filas × 48 columnas de entrenamiento · etiqueta percentil q=0.75 umbral 0.392724 · riesgo alto 24.60 %
2026-10-01 02:18:23  plan: 20 corridas · ya hechas 0 · pendientes 20 · estimación a priori 9.2 h
2026-10-01 02:41:10  [  1/20] clasificacion · ebm · ninguno · grid: auc = 0.8285 ± 0.0035 · 180 evals · 0:22 · transcurrido 0:22 · restante estimado 9.3 h (ritmo real/estimado ×1.05) · fin previsto Thu 01 12:00
2026-10-01 03:04:24  [  2/20] clasificacion · ebm · ninguno · random: auc = 0.8289 ± 0.0033 · 180 evals · 0:23 · transcurrido 0:46 · restante estimado 9.0 h (ritmo real/estimado ×1.07) · fin previsto Thu 01 12:06
2026-10-01 03:41:36  [  3/20] clasificacion · ebm · ninguno · bayesiana: auc = 0.8289 ± 0.0029 · 180 evals · 0:37 · transcurrido 1:23 · restante estimado 10.4 h (ritmo real/estimado ×1.28) · fin previsto Thu 01 14:07
2026-10-01 04:10:40  [  4/20] clasificacion · ebm · ninguno · genetica: auc = 0.8291 ± 0.0033 · 180 evals · 0:29 · transcurrido 1:52 · restante estimado 10.1 h (ritmo real/estimado ×1.30) · fin previsto Thu 01 14:15
2026-10-01 04:37:16  [  5/20] regresion · ebm · ninguno · grid: rmse = 0.0590 ± 0.0004 · 180 evals · 0:26 · transcurrido 2:19 · restante estimado 8.7 h (ritmo real/estimado ×1.19) · fin previsto Thu 01 13:16
2026-10-01 05:06:38  [  6/20] regresion · ebm · ninguno · random: rmse = 0.0591 ± 0.0004 · 180 evals · 0:29 · transcurrido 2:48 · restante estimado 7.8 h (ritmo real/estimado ×1.15) · fin previsto Thu 01 12:52
2026-10-01 05:45:48  [  7/20] regresion · ebm · ninguno · bayesiana: rmse = 0.0590 ± 0.0004 · 180 evals · 0:39 · transcurrido 3:27 · restante estimado 7.4 h (ritmo real/estimado ×1.18) · fin previsto Thu 01 13:07
2026-10-01 06:23:44  [  8/20] regresion · ebm · ninguno · genetica: rmse = 0.0591 ± 0.0004 · 180 evals · 0:37 · transcurrido 4:05 · restante estimado 6.8 h (ritmo real/estimado ×1.19) · fin previsto Thu 01 13:14
2026-10-01 06:42:24  [  9/20] clasificacion · ebm · class_weight · grid: auc = 0.8292 ± 0.0037 · 180 evals · 0:18 · transcurrido 4:24 · restante estimado 6.3 h (ritmo real/estimado ×1.16) · fin previsto Thu 01 12:57
2026-10-01 07:04:17  [ 10/20] clasificacion · ebm · class_weight · random: auc = 0.8276 ± 0.0024 · 180 evals · 0:21 · transcurrido 4:46 · restante estimado 5.8 h (ritmo real/estimado ×1.15) · fin previsto Thu 01 12:50
2026-10-01 07:36:01  [ 11/20] clasificacion · ebm · class_weight · bayesiana: auc = 0.8287 ± 0.0041 · 180 evals · 0:31 · transcurrido 5:17 · restante estimado 5.5 h (ritmo real/estimado ×1.17) · fin previsto Thu 01 13:04
2026-10-01 08:03:31  [ 12/20] clasificacion · ebm · class_weight · genetica: auc = 0.8281 ± 0.0036 · 180 evals · 0:27 · transcurrido 5:45 · restante estimado 5.1 h (ritmo real/estimado ×1.18) · fin previsto Thu 01 13:09
2026-10-01 09:26:21  [ 13/20] clasificacion · ebm · smote · grid: auc = 0.8278 ± 0.0032 · 180 evals · 1:22 · transcurrido 7:08 · restante estimado 5.0 h (ritmo real/estimado ×1.32) · fin previsto Thu 01 14:24
2026-10-01 10:50:03  [ 14/20] clasificacion · ebm · smote · random: auc = 0.8284 ± 0.0022 · 180 evals · 1:23 · transcurrido 8:31 · restante estimado 4.6 h (ritmo real/estimado ×1.43) · fin previsto Thu 01 15:28
2026-10-01 12:45:14  [ 15/20] clasificacion · ebm · smote · bayesiana: auc = 0.8279 ± 0.0026 · 180 evals · 1:55 · transcurrido 10:26 · restante estimado 4.3 h (ritmo real/estimado ×1.61) · fin previsto Thu 01 17:05
2026-10-01 14:09:56  [ 16/20] clasificacion · ebm · smote · genetica: auc = 0.8282 ± 0.0023 · 180 evals · 1:24 · transcurrido 11:51 · restante estimado 3.6 h (ritmo real/estimado ×1.68) · fin previsto Thu 01 17:48
2026-10-01 15:50:45  [ 17/20] clasificacion · ebm · adasyn · grid: auc = 0.8280 ± 0.0033 · 180 evals · 1:40 · transcurrido 13:32 · restante estimado 2.9 h (ritmo real/estimado ×1.79) · fin previsto Thu 01 18:44
2026-10-01 17:35:11  [ 18/20] clasificacion · ebm · adasyn · random: auc = 0.8289 ± 0.0023 · 180 evals · 1:44 · transcurrido 15:16 · restante estimado 2.0 h (ritmo real/estimado ×1.88) · fin previsto Thu 01 19:37
2026-10-01 19:48:12  [ 19/20] clasificacion · ebm · adasyn · bayesiana: auc = 0.8283 ± 0.0024 · 180 evals · 2:12 · transcurrido 17:29 · restante estimado 1.1 h (ritmo real/estimado ×2.02) · fin previsto Thu 01 20:53
2026-10-01 21:46:39  [ 20/20] clasificacion · ebm · adasyn · genetica: auc = 0.8286 ± 0.0026 · 180 evals · 1:58 · transcurrido 19:28 · restante estimado 0.0 h (ritmo real/estimado ×2.12) · fin previsto Thu 01 21:46
2026-10-01 21:46:39  fin de la sesión · 20 corridas ejecutadas en 19:28 · plan modelo_nuevo: 20 de 20 terminadas · tabla maestra: {'ok': 156, 'no_aplica': 4} (160 filas)
